../Core/Src/main.c:63:6:delay	16	static
../Core/Src/main.c:84:6:HAL_TIM_IC_CaptureCallback	16	static
../Core/Src/main.c:121:6:HCSR04_Read	8	static
../Core/Src/main.c:172:5:main	8	static
../Core/Src/main.c:243:6:SystemClock_Config	88	static
../Core/Src/main.c:285:13:MX_TIM1_Init	48	static
../Core/Src/main.c:344:13:MX_GPIO_Init	48	static
../Core/Src/main.c:390:6:LCDStringdata	16	static
../Core/Src/main.c:398:6:LCDInitialize	8	static
../Core/Src/main.c:408:6:cmd	16	static
../Core/Src/main.c:428:6:data	16	static
../Core/Src/main.c:462:6:Error_Handler	4	static,ignoring_inline_asm
