../Core/Src/main.c:71:5:main	16	static
../Core/Src/main.c:131:6:SystemClock_Config	88	static
../Core/Src/main.c:173:13:MX_ADC1_Init	24	static
../Core/Src/main.c:225:13:MX_ADC2_Init	24	static
../Core/Src/main.c:277:13:MX_GPIO_Init	48	static
../Core/Src/main.c:330:6:LCDinit	8	static
../Core/Src/main.c:341:6:cmd	16	static
../Core/Src/main.c:358:6:Data	16	static
../Core/Src/main.c:374:6:Numericdata	16	static
../Core/Src/main.c:381:6:input	16	static
../Core/Src/main.c:395:6:Error_Handler	4	static,ignoring_inline_asm
