../Core/Inc/LCD.h:2:6:LCDinit	8	static
../Core/Inc/LCD.h:9:6:cmd	16	static
../Core/Inc/LCD.h:26:6:input	16	static
../Core/Inc/LCD.h:34:6:Data	16	static
../Core/Inc/LCD.h:50:6:Numericdata	16	static
../Core/Src/main.c:73:5:main	56	static
../Core/Src/main.c:230:6:SystemClock_Config	88	static
../Core/Src/main.c:272:13:MX_ADC1_Init	24	static
../Core/Src/main.c:324:13:MX_ADC2_Init	24	static
../Core/Src/main.c:376:13:MX_I2C2_Init	8	static
../Core/Src/main.c:410:13:MX_GPIO_Init	48	static
../Core/Src/main.c:475:6:Error_Handler	4	static,ignoring_inline_asm
