../Core/Src/ssd1306.c:66:6:SSD1306_ScrollRight	16	static
../Core/Src/ssd1306.c:79:6:SSD1306_ScrollLeft	16	static
../Core/Src/ssd1306.c:92:6:SSD1306_Scrolldiagright	16	static
../Core/Src/ssd1306.c:108:6:SSD1306_Scrolldiagleft	16	static
../Core/Src/ssd1306.c:124:6:SSD1306_Stopscroll	8	static
../Core/Src/ssd1306.c:131:6:SSD1306_InvertDisplay	16	static
../Core/Src/ssd1306.c:140:6:SSD1306_DrawBitmap	32	static
../Core/Src/ssd1306.c:170:9:SSD1306_Init	16	static
../Core/Src/ssd1306.c:236:6:SSD1306_UpdateScreen	16	static
../Core/Src/ssd1306.c:249:6:SSD1306_ToggleInvert	16	static
../Core/Src/ssd1306.c:261:6:SSD1306_Fill	16	static
../Core/Src/ssd1306.c:266:6:SSD1306_DrawPixel	16	static
../Core/Src/ssd1306.c:288:6:SSD1306_GotoXY	16	static
../Core/Src/ssd1306.c:294:6:SSD1306_Putc	32	static
../Core/Src/ssd1306.c:325:6:SSD1306_Puts	24	static
../Core/Src/ssd1306.c:343:6:SSD1306_DrawLine	40	static
../Core/Src/ssd1306.c:427:6:SSD1306_DrawRectangle	32	static
../Core/Src/ssd1306.c:452:6:SSD1306_DrawFilledRectangle	40	static
../Core/Src/ssd1306.c:479:6:SSD1306_DrawTriangle	32	static
../Core/Src/ssd1306.c:487:6:SSD1306_DrawFilledTriangle	64	static
../Core/Src/ssd1306.c:543:6:SSD1306_DrawCircle	40	static
../Core/Src/ssd1306.c:577:6:SSD1306_DrawFilledCircle	48	static
../Core/Src/ssd1306.c:610:6:SSD1306_Clear	8	static
../Core/Src/ssd1306.c:615:6:SSD1306_ON	8	static
../Core/Src/ssd1306.c:620:6:SSD1306_OFF	8	static
../Core/Src/ssd1306.c:636:6:ssd1306_I2C_Init	16	static
../Core/Src/ssd1306.c:648:6:ssd1306_I2C_WriteMulti	296	static
../Core/Src/ssd1306.c:658:6:ssd1306_I2C_Write	32	static
